PRAGMA:
	vertex.auto.id=GENERATE
VERTEX: _
	LABEL: PERSON
