VERTEX: v
	LABEL: PERSON
		PROP name = "Donald"
		PROP color = "CHEETOH"
EDGE: LOVES
		PROP level = "Intense"
		